[INFO] Scanning for projects...
[INFO] 
[INFO] ---------------------< com.mehmetkerem:ecommerce >----------------------
[INFO] Building E-Commerce 0.0.1-SNAPSHOT
[INFO]   from pom.xml
[INFO] --------------------------------[ jar ]---------------------------------
[INFO] 
[INFO] --- clean:3.3.2:clean (default-clean) @ ecommerce ---
[INFO] Deleting C:\Users\Mehme\.gemini\antigravity\scratch\can-antika\e-commerce\target
[INFO] 
[INFO] --- resources:3.3.1:resources (default-resources) @ ecommerce ---
[INFO] Copying 1 resource from src\main\resources to target\classes
[INFO] Copying 0 resource from src\main\resources to target\classes
[INFO] 
[INFO] --- compiler:3.11.0:compile (default-compile) @ ecommerce ---
[INFO] Changes detected - recompiling the module! :source
[INFO] Compiling 132 source files with javac [debug release 17] to target\classes
[INFO] ------------------------------------------------------------------------
[INFO] BUILD SUCCESS
[INFO] ------------------------------------------------------------------------
[INFO] Total time:  6.669 s
[INFO] Finished at: 2026-02-11T21:35:36+03:00
[INFO] ------------------------------------------------------------------------
