[INFO] Scanning for projects...
[INFO] 
[INFO] ---------------------< com.mehmetkerem:ecommerce >----------------------
[INFO] Building E-Commerce 0.0.1-SNAPSHOT
[INFO]   from pom.xml
[INFO] --------------------------------[ jar ]---------------------------------
[INFO] 
[INFO] --- resources:3.3.1:resources (default-resources) @ ecommerce ---
[INFO] Copying 2 resources from src\main\resources to target\classes
[INFO] Copying 1 resource from src\main\resources to target\classes
[INFO] 
[INFO] --- compiler:3.11.0:compile (default-compile) @ ecommerce ---
[INFO] Nothing to compile - all classes are up to date
[INFO] ------------------------------------------------------------------------
[INFO] BUILD SUCCESS
[INFO] ------------------------------------------------------------------------
[INFO] Total time:  1.415 s
[INFO] Finished at: 2026-03-04T21:21:09+03:00
[INFO] ------------------------------------------------------------------------
