[INFO] Scanning for projects...
[INFO] 
[INFO] ---------------------< com.mehmetkerem:ecommerce >----------------------
[INFO] Building E-Commerce 0.0.1-SNAPSHOT
[INFO]   from pom.xml
[INFO] --------------------------------[ jar ]---------------------------------
[INFO] 
[INFO] --- resources:3.3.1:resources (default-resources) @ ecommerce ---
[INFO] Copying 2 resources from src\main\resources to target\classes
[INFO] Copying 0 resource from src\main\resources to target\classes
[INFO] 
[INFO] --- compiler:3.11.0:compile (default-compile) @ ecommerce ---
[INFO] Nothing to compile - all classes are up to date
[INFO] 
[INFO] --- resources:3.3.1:testResources (default-testResources) @ ecommerce ---
[INFO] skip non existing resourceDirectory C:\Users\Mehme\.gemini\antigravity\scratch\can-antika\e-commerce\src\test\resources
[INFO] 
[INFO] --- compiler:3.11.0:testCompile (default-testCompile) @ ecommerce ---
[INFO] Nothing to compile - all classes are up to date
[INFO] 
[INFO] --- surefire:3.1.2:test (default-test) @ ecommerce ---
[INFO] Using auto detected provider org.apache.maven.surefire.junitplatform.JUnitPlatformProvider
[INFO] 
[INFO] -------------------------------------------------------
[INFO]  T E S T S
[INFO] -------------------------------------------------------
[INFO] Running com.mehmetkerem.integration.OrderIntegrationTest
20:51:27.318 [main] INFO org.springframework.test.context.support.AnnotationConfigContextLoaderUtils -- Could not detect default configuration classes for test class [com.mehmetkerem.integration.OrderIntegrationTest]: OrderIntegrationTest does not declare any static, non-private, non-final, nested classes annotated with @Configuration.
20:51:27.490 [main] INFO org.springframework.boot.test.context.SpringBootTestContextBootstrapper -- Found @SpringBootConfiguration com.mehmetkerem.ECommerceApplication for test class com.mehmetkerem.integration.OrderIntegrationTest

  .   ____          _            __ _ _
 /\\ / ___'_ __ _ _(_)_ __  __ _ \ \ \ \
( ( )\___ | '_ | '_| | '_ \/ _` | \ \ \ \
 \\/  ___)| |_)| | | | | || (_| |  ) ) ) )
  '  |____| .__|_| |_|_| |_\__, | / / / /
 =========|_|==============|___/=/_/_/_/
 :: Spring Boot ::                (v3.2.2)

2026-02-12T20:51:27.990+03:00  INFO 15320 --- [E-Commerce] [           main] c.m.integration.OrderIntegrationTest     : Starting OrderIntegrationTest using Java 17.0.12 with PID 15320 (started by Mehme in C:\Users\Mehme\.gemini\antigravity\scratch\can-antika\e-commerce)
2026-02-12T20:51:27.990+03:00 DEBUG 15320 --- [E-Commerce] [           main] c.m.integration.OrderIntegrationTest     : Running with Spring Boot v3.2.2, Spring v6.1.3
2026-02-12T20:51:27.990+03:00  INFO 15320 --- [E-Commerce] [           main] c.m.integration.OrderIntegrationTest     : The following 1 profile is active: "test"
2026-02-12T20:51:29.108+03:00  INFO 15320 --- [E-Commerce] [           main] .s.d.r.c.RepositoryConfigurationDelegate : Bootstrapping Spring Data JPA repositories in DEFAULT mode.
2026-02-12T20:51:29.249+03:00  INFO 15320 --- [E-Commerce] [           main] .s.d.r.c.RepositoryConfigurationDelegate : Finished Spring Data repository scanning in 131 ms. Found 13 JPA repository interfaces.
2026-02-12T20:51:29.955+03:00  INFO 15320 --- [E-Commerce] [           main] o.hibernate.jpa.internal.util.LogHelper  : HHH000204: Processing PersistenceUnitInfo [name: default]
2026-02-12T20:51:30.029+03:00  INFO 15320 --- [E-Commerce] [           main] org.hibernate.Version                    : HHH000412: Hibernate ORM core version 6.4.1.Final
2026-02-12T20:51:30.090+03:00  INFO 15320 --- [E-Commerce] [           main] o.h.c.internal.RegionFactoryInitiator    : HHH000026: Second-level cache disabled
2026-02-12T20:51:30.387+03:00  INFO 15320 --- [E-Commerce] [           main] o.s.o.j.p.SpringPersistenceUnitInfo      : No LoadTimeWeaver setup: ignoring JPA class transformer
2026-02-12T20:51:30.422+03:00  INFO 15320 --- [E-Commerce] [           main] com.zaxxer.hikari.HikariDataSource       : HikariPool-1 - Starting...
2026-02-12T20:51:30.638+03:00  INFO 15320 --- [E-Commerce] [           main] com.zaxxer.hikari.pool.HikariPool        : HikariPool-1 - Added connection conn0: url=jdbc:h2:mem:testdb user=SA
2026-02-12T20:51:30.639+03:00  INFO 15320 --- [E-Commerce] [           main] com.zaxxer.hikari.HikariDataSource       : HikariPool-1 - Start completed.
2026-02-12T20:51:30.663+03:00  WARN 15320 --- [E-Commerce] [           main] org.hibernate.dialect.Dialect            : HHH000511: The 2.2.0 version for [org.hibernate.dialect.PostgreSQLDialect] is no longer supported, hence certain features may not work properly. The minimum supported version is 12.0.0. Check the community dialects project for available legacy versions.
2026-02-12T20:51:30.672+03:00  WARN 15320 --- [E-Commerce] [           main] org.hibernate.orm.deprecation            : HHH90000025: PostgreSQLDialect does not need to be specified explicitly using 'hibernate.dialect' (remove the property setting and it will be selected by default)
2026-02-12T20:51:31.995+03:00  INFO 15320 --- [E-Commerce] [           main] o.h.e.t.j.p.i.JtaPlatformInitiator       : HHH000489: No JTA platform available (set 'hibernate.transaction.jta.platform' to enable JTA platform integration)
Hibernate: 
    alter table if exists cart_items 
       drop constraint if exists FKpcttvuq4mxppo8sxggjtn5i2c
Hibernate: 
    alter table if exists order_items 
       drop constraint if exists FKbioxgbv59vetrxe0ejfubep1w
Hibernate: 
    alter table if exists orders 
       drop constraint if exists FKmk6q95x8ffidq82wlqjaq7sqc
Hibernate: 
    alter table if exists password_reset_tokens 
       drop constraint if exists FKk3ndxg5xp6v7wd4gjyusp15gq
Hibernate: 
    alter table if exists product_images 
       drop constraint if exists FKqnq71xsohugpqwf3c9gxmsuy
Hibernate: 
    alter table if exists refresh_tokens 
       drop constraint if exists FK1lih5y2npsf8u5o3vhdb9y0os
Hibernate: 
    alter table if exists wishlist_items 
       drop constraint if exists FKqxj7lncd242b59fb78rqegyxj
Hibernate: 
    alter table if exists wishlist_items 
       drop constraint if exists FKg2laksbhpq3lc094pikm3kkf0
Hibernate: 
    alter table if exists wishlists 
       drop constraint if exists FK330pyw2el06fn5g28ypyljt16
Hibernate: 
    drop table if exists addresses cascade
Hibernate: 
    drop table if exists cart_items cascade
Hibernate: 
    drop table if exists carts cascade
Hibernate: 
    drop table if exists categories cascade
Hibernate: 
    drop table if exists coupons cascade
Hibernate: 
    drop table if exists order_items cascade
Hibernate: 
    drop table if exists orders cascade
Hibernate: 
    drop table if exists password_reset_tokens cascade
Hibernate: 
    drop table if exists payments cascade
Hibernate: 
    drop table if exists product_images cascade
Hibernate: 
    drop table if exists products cascade
Hibernate: 
    drop table if exists refresh_tokens cascade
Hibernate: 
    drop table if exists reviews cascade
Hibernate: 
    drop table if exists users cascade
Hibernate: 
    drop table if exists wishlist_items cascade
Hibernate: 
    drop table if exists wishlists cascade
Hibernate: 
    create table addresses (
        id bigserial not null,
        user_id bigint,
        address_line varchar(255),
        city varchar(255),
        country varchar(255),
        district varchar(255),
        postal_code varchar(255),
        title varchar(255),
        primary key (id)
    )
Hibernate: 
    create table cart_items (
        price numeric(12,2),
        quantity integer not null,
        cart_id bigint,
        id bigserial not null,
        product_id bigint,
        primary key (id)
    )
Hibernate: 
    create table carts (
        id bigserial not null,
        updated_at timestamp(6),
        user_id bigint,
        coupon_code varchar(255),
        primary key (id)
    )
Hibernate: 
    create table categories (
        deleted boolean not null,
        id bigserial not null,
        name varchar(255),
        primary key (id)
    )
Hibernate: 
    create table coupons (
        discount_amount numeric(38,2) not null,
        is_active boolean not null,
        min_cart_amount numeric(38,2),
        expiration_date timestamp(6) not null,
        id bigserial not null,
        code varchar(255) not null unique,
        primary key (id)
    )
Hibernate: 
    create table order_items (
        price numeric(12,2),
        quantity integer not null,
        id bigserial not null,
        order_id bigint,
        product_id bigint,
        title varchar(255),
        primary key (id)
    )
Hibernate: 
    create table orders (
        total_amount numeric(12,2),
        id bigserial not null,
        last_updated timestamp(6),
        order_date timestamp(6),
        shipping_address_id bigint,
        user_id bigint,
        carrier_name varchar(255),
        order_status varchar(255) check (order_status in ('PENDING','SHIPPED','DELIVERED','CANCELLED','PAID')),
        payment_status varchar(255) check (payment_status in ('PAID','UNPAID','REFUNDED')),
        tracking_number varchar(255),
        primary key (id)
    )
Hibernate: 
    create table password_reset_tokens (
        expiry_date timestamp(6),
        id bigserial not null,
        user_id bigint not null unique,
        token varchar(255),
        primary key (id)
    )
Hibernate: 
    create table payments (
        amount numeric(12,2),
        created_at timestamp(6),
        id bigserial not null,
        order_id bigint,
        user_id bigint,
        payment_method varchar(255) check (payment_method in ('CREDIT_CARD','EFT','CASH_ON_DELIVERY')),
        payment_status varchar(255) check (payment_status in ('PAID','UNPAID','REFUNDED')),
        transaction_id varchar(255),
        primary key (id)
    )
Hibernate: 
    create table product_images (
        product_id bigint not null,
        image_url varchar(255)
    )
Hibernate: 
    create table products (
        average_rating float(53),
        deleted boolean not null,
        price numeric(12,2),
        review_count integer not null,
        stock integer not null,
        category_id bigint,
        id bigserial not null,
        version bigint,
        description TEXT,
        title varchar(255),
        attributes jsonb,
        primary key (id)
    )
Hibernate: 
    create table refresh_tokens (
        expiry_date timestamp(6) with time zone not null,
        id bigserial not null,
        user_id bigint unique,
        token varchar(255) not null unique,
        primary key (id)
    )
Hibernate: 
    create table reviews (
        rating integer not null,
        created_at timestamp(6),
        id bigserial not null,
        product_id bigint,
        user_id bigint,
        comment TEXT,
        primary key (id)
    )
Hibernate: 
    create table users (
        created_at timestamp(6),
        id bigserial not null,
        updated_at timestamp(6),
        auth_provider varchar(255) check (auth_provider in ('LOCAL','GOOGLE','FACEBOOK')),
        email varchar(255) unique,
        image_url varchar(255),
        name varchar(255),
        password_hash varchar(255),
        provider_id varchar(255),
        user_role varchar(255) check (user_role in ('ADMIN','VENDOR','USER')),
        primary key (id)
    )
Hibernate: 
    create table wishlist_items (
        added_time timestamp(6),
        id bigserial not null,
        product_id bigint,
        wish_list_id bigint,
        primary key (id)
    )
Hibernate: 
    create table wishlists (
        id bigserial not null,
        user_id bigint unique,
        primary key (id)
    )
Hibernate: 
    alter table if exists cart_items 
       add constraint FKpcttvuq4mxppo8sxggjtn5i2c 
       foreign key (cart_id) 
       references carts
Hibernate: 
    alter table if exists order_items 
       add constraint FKbioxgbv59vetrxe0ejfubep1w 
       foreign key (order_id) 
       references orders
Hibernate: 
    alter table if exists orders 
       add constraint FKmk6q95x8ffidq82wlqjaq7sqc 
       foreign key (shipping_address_id) 
       references addresses
Hibernate: 
    alter table if exists password_reset_tokens 
       add constraint FKk3ndxg5xp6v7wd4gjyusp15gq 
       foreign key (user_id) 
       references users
Hibernate: 
    alter table if exists product_images 
       add constraint FKqnq71xsohugpqwf3c9gxmsuy 
       foreign key (product_id) 
       references products
Hibernate: 
    alter table if exists refresh_tokens 
       add constraint FK1lih5y2npsf8u5o3vhdb9y0os 
       foreign key (user_id) 
       references users
Hibernate: 
    alter table if exists wishlist_items 
       add constraint FKqxj7lncd242b59fb78rqegyxj 
       foreign key (product_id) 
       references products
Hibernate: 
    alter table if exists wishlist_items 
       add constraint FKg2laksbhpq3lc094pikm3kkf0 
       foreign key (wish_list_id) 
       references wishlists
Hibernate: 
    alter table if exists wishlists 
       add constraint FK330pyw2el06fn5g28ypyljt16 
       foreign key (user_id) 
       references users
2026-02-12T20:51:32.079+03:00  INFO 15320 --- [E-Commerce] [           main] j.LocalContainerEntityManagerFactoryBean : Initialized JPA EntityManagerFactory for persistence unit 'default'
2026-02-12T20:51:32.550+03:00  INFO 15320 --- [E-Commerce] [           main] o.s.d.j.r.query.QueryEnhancerFactory     : Hibernate is in classpath; If applicable, HQL parser will be used.
2026-02-12T20:51:33.456+03:00  WARN 15320 --- [E-Commerce] [           main] JpaBaseConfiguration$JpaWebConfiguration : spring.jpa.open-in-view is enabled by default. Therefore, database queries may be performed during view rendering. Explicitly configure spring.jpa.open-in-view to disable this warning
2026-02-12T20:51:33.898+03:00  INFO 15320 --- [E-Commerce] [           main] o.s.s.web.DefaultSecurityFilterChain     : Will secure any request with [org.springframework.security.web.session.DisableEncodeUrlFilter@7828111d, org.springframework.security.web.context.request.async.WebAsyncManagerIntegrationFilter@1dbb3001, org.springframework.security.web.context.SecurityContextHolderFilter@3e42cff9, org.springframework.security.web.header.HeaderWriterFilter@2f42f20f, org.springframework.web.filter.CorsFilter@184b8899, org.springframework.security.web.authentication.logout.LogoutFilter@75c90ec5, org.springframework.security.oauth2.client.web.OAuth2AuthorizationRequestRedirectFilter@654be52b, org.springframework.security.oauth2.client.web.OAuth2LoginAuthenticationFilter@1342c6e1, com.mehmetkerem.jwt.JwtAuthFilter@232899d1, org.springframework.security.web.authentication.ui.DefaultLoginPageGeneratingFilter@20382851, org.springframework.security.web.authentication.ui.DefaultLogoutPageGeneratingFilter@718aa49a, org.springframework.security.web.savedrequest.RequestCacheAwareFilter@63a9ab7d, org.springframework.security.web.servletapi.SecurityContextHolderAwareRequestFilter@731660c1, org.springframework.security.web.authentication.AnonymousAuthenticationFilter@4992e34f, org.springframework.security.web.session.SessionManagementFilter@1e072d67, org.springframework.security.web.access.ExceptionTranslationFilter@2d99b35f, org.springframework.security.web.access.intercept.AuthorizationFilter@6d03404e]
2026-02-12T20:51:34.344+03:00 DEBUG 15320 --- [E-Commerce] [           main] com.mehmetkerem.jwt.JwtAuthFilter        : Filter 'jwtAuthFilter' configured for use
2026-02-12T20:51:34.345+03:00  INFO 15320 --- [E-Commerce] [           main] o.s.b.t.m.w.SpringBootMockServletContext : Initializing Spring TestDispatcherServlet ''
2026-02-12T20:51:34.345+03:00  INFO 15320 --- [E-Commerce] [           main] o.s.t.web.servlet.TestDispatcherServlet  : Initializing Servlet ''
2026-02-12T20:51:34.346+03:00  INFO 15320 --- [E-Commerce] [           main] o.s.t.web.servlet.TestDispatcherServlet  : Completed initialization in 1 ms
2026-02-12T20:51:34.370+03:00  INFO 15320 --- [E-Commerce] [           main] c.m.integration.OrderIntegrationTest     : Started OrderIntegrationTest in 6.717 seconds (process running for 7.82)
mvn : Java HotSpot(TM) 64-Bit
 Server VM warning: Sharing i
s only supported for boot loa
der classes because bootstrap
 classpath has been appended
At line:1 char:1
+ mvn test -Dtest=OrderIntegr
ationTest > test_output.log 2
>&1
+ ~~~~~~~~~~~~~~~~~~~~~~~~~~~
~~~~~~~~~~~~~~~~~~~~~~~~~~~~~
~~~
    + CategoryInfo           
   : NotSpecified: (Java Ho  
  tSpot(TM...s been append   
 ed:String) [], RemoteExc    
eption
    + FullyQualifiedErrorId  
   : NativeCommandError
 
Hibernate: 
    select
        p1_0.id,
        p1_0.attributes,
        p1_0.average_rating,
        p1_0.category_id,
        p1_0.deleted,
        p1_0.description,
        p1_0.price,
        p1_0.review_count,
        p1_0.stock,
        p1_0.title,
        p1_0.version 
    from
        products p1_0 
    where
        (
            p1_0.deleted=false
        )
Hibernate: 
    select
        c1_0.id,
        c1_0.deleted,
        c1_0.name 
    from
        categories c1_0 
    where
        (
            c1_0.deleted=false
        )
Hibernate: 
    select
        u1_0.id,
        u1_0.created_at,
        u1_0.email,
        u1_0.image_url,
        u1_0.name,
        u1_0.password_hash,
        u1_0.auth_provider,
        u1_0.provider_id,
        u1_0.user_role,
        u1_0.updated_at 
    from
        users u1_0
Hibernate: 
    select
        c1_0.id,
        c1_0.coupon_code,
        c1_0.updated_at,
        c1_0.user_id 
    from
        carts c1_0
Hibernate: 
    select
        u1_0.id 
    from
        users u1_0 
    where
        u1_0.email=? 
    fetch
        first ? rows only
Hibernate: 
    insert 
    into
        users
        (created_at, email, image_url, name, password_hash, auth_provider, provider_id, user_role, updated_at) 
    values
        (?, ?, ?, ?, ?, ?, ?, ?, ?)
2026-02-12T20:51:35.346+03:00  INFO 15320 --- [E-Commerce] [           main] c.m.s.impl.MockEmailNotificationService  : ? [MOCK EMAIL] To: user@test.com | Subject: Ho■ Geldiniz | Body: Ho■ geldin User
Hibernate: 
    select
        u1_0.id,
        u1_0.created_at,
        u1_0.email,
        u1_0.image_url,
        u1_0.name,
        u1_0.password_hash,
        u1_0.auth_provider,
        u1_0.provider_id,
        u1_0.user_role,
        u1_0.updated_at 
    from
        users u1_0 
    where
        u1_0.email=?
Hibernate: 
    select
        u1_0.id,
        u1_0.created_at,
        u1_0.email,
        u1_0.image_url,
        u1_0.name,
        u1_0.password_hash,
        u1_0.auth_provider,
        u1_0.provider_id,
        u1_0.user_role,
        u1_0.updated_at 
    from
        users u1_0 
    where
        u1_0.email=?
Hibernate: 
    select
        rt1_0.id,
        rt1_0.expiry_date,
        rt1_0.token,
        rt1_0.user_id 
    from
        refresh_tokens rt1_0 
    where
        rt1_0.user_id=?
Hibernate: 
    insert 
    into
        refresh_tokens
        (expiry_date, token, user_id) 
    values
        (?, ?, ?)
Hibernate: 
    select
        a1_0.id,
        a1_0.address_line,
        a1_0.city,
        a1_0.country,
        a1_0.district,
        a1_0.postal_code,
        a1_0.title,
        a1_0.user_id 
    from
        addresses a1_0 
    where
        a1_0.user_id=?
Hibernate: 
    select
        u1_0.id 
    from
        users u1_0 
    where
        u1_0.email=? 
    fetch
        first ? rows only
Hibernate: 
    insert 
    into
        users
        (created_at, email, image_url, name, password_hash, auth_provider, provider_id, user_role, updated_at) 
    values
        (?, ?, ?, ?, ?, ?, ?, ?, ?)
2026-02-12T20:51:35.645+03:00  INFO 15320 --- [E-Commerce] [           main] c.m.s.impl.MockEmailNotificationService  : ? [MOCK EMAIL] To: admin@test.com | Subject: Ho■ Geldiniz | Body: Ho■ geldin Admin
Hibernate: 
    select
        u1_0.id,
        u1_0.created_at,
        u1_0.email,
        u1_0.image_url,
        u1_0.name,
        u1_0.password_hash,
        u1_0.auth_provider,
        u1_0.provider_id,
        u1_0.user_role,
        u1_0.updated_at 
    from
        users u1_0 
    where
        u1_0.email=?
Hibernate: 
    select
        u1_0.id,
        u1_0.created_at,
        u1_0.email,
        u1_0.image_url,
        u1_0.name,
        u1_0.password_hash,
        u1_0.auth_provider,
        u1_0.provider_id,
        u1_0.user_role,
        u1_0.updated_at 
    from
        users u1_0 
    where
        u1_0.email=?
Hibernate: 
    select
        rt1_0.id,
        rt1_0.expiry_date,
        rt1_0.token,
        rt1_0.user_id 
    from
        refresh_tokens rt1_0 
    where
        rt1_0.user_id=?
Hibernate: 
    insert 
    into
        refresh_tokens
        (expiry_date, token, user_id) 
    values
        (?, ?, ?)
Hibernate: 
    select
        a1_0.id,
        a1_0.address_line,
        a1_0.city,
        a1_0.country,
        a1_0.district,
        a1_0.postal_code,
        a1_0.title,
        a1_0.user_id 
    from
        addresses a1_0 
    where
        a1_0.user_id=?
Hibernate: 
    select
        u1_0.id,
        u1_0.created_at,
        u1_0.email,
        u1_0.image_url,
        u1_0.name,
        u1_0.password_hash,
        u1_0.auth_provider,
        u1_0.provider_id,
        u1_0.user_role,
        u1_0.updated_at 
    from
        users u1_0 
    where
        u1_0.email=?
Hibernate: 
    select
        c1_0.id 
    from
        categories c1_0 
    where
        (
            c1_0.deleted=false
        ) 
        and c1_0.name=? 
    fetch
        first ? rows only
Hibernate: 
    insert 
    into
        categories
        (deleted, name) 
    values
        (?, ?)
Hibernate: 
    select
        u1_0.id,
        u1_0.created_at,
        u1_0.email,
        u1_0.image_url,
        u1_0.name,
        u1_0.password_hash,
        u1_0.auth_provider,
        u1_0.provider_id,
        u1_0.user_role,
        u1_0.updated_at 
    from
        users u1_0 
    where
        u1_0.email=?
Hibernate: 
    insert 
    into
        products
        (attributes, average_rating, category_id, deleted, description, price, review_count, stock, title, version) 
    values
        (cast(? as jsonb), ?, ?, ?, ?, ?, ?, ?, ?, ?)
Hibernate: 
    select
        u1_0.id,
        u1_0.created_at,
        u1_0.email,
        u1_0.image_url,
        u1_0.name,
        u1_0.password_hash,
        u1_0.auth_provider,
        u1_0.provider_id,
        u1_0.user_role,
        u1_0.updated_at 
    from
        users u1_0 
    where
        u1_0.email=?
Hibernate: 
    select
        c1_0.id,
        c1_0.coupon_code,
        c1_0.updated_at,
        c1_0.user_id 
    from
        carts c1_0 
    where
        c1_0.user_id=?
Hibernate: 
    insert 
    into
        carts
        (coupon_code, updated_at, user_id) 
    values
        (?, ?, ?)
2026-02-12T20:51:35.878+03:00  INFO 15320 --- [E-Commerce] [           main] c.m.service.impl.CartServiceImpl         : Sepete ³r³n eklendi. Kullan²c² ID: 1, ▄r³n ID: 1, Miktar: 1
Hibernate: 
    insert 
    into
        cart_items
        (price, product_id, quantity) 
    values
        (?, ?, ?)
Hibernate: 
    select
        p1_0.id,
        p1_0.attributes,
        p1_0.average_rating,
        p1_0.category_id,
        p1_0.deleted,
        p1_0.description,
        p1_0.price,
        p1_0.review_count,
        p1_0.stock,
        p1_0.title,
        p1_0.version 
    from
        products p1_0 
    where
        (
            p1_0.deleted=false
        ) 
        and p1_0.id in (?)
Hibernate: 
    select
        u1_0.id,
        u1_0.created_at,
        u1_0.email,
        u1_0.image_url,
        u1_0.name,
        u1_0.password_hash,
        u1_0.auth_provider,
        u1_0.provider_id,
        u1_0.user_role,
        u1_0.updated_at 
    from
        users u1_0 
    where
        u1_0.email=?
Hibernate: 
    select
        u1_0.id,
        u1_0.created_at,
        u1_0.email,
        u1_0.image_url,
        u1_0.name,
        u1_0.password_hash,
        u1_0.auth_provider,
        u1_0.provider_id,
        u1_0.user_role,
        u1_0.updated_at 
    from
        users u1_0 
    where
        u1_0.email=?
Hibernate: 
    select
        a1_0.id,
        a1_0.address_line,
        a1_0.city,
        a1_0.country,
        a1_0.district,
        a1_0.postal_code,
        a1_0.title,
        a1_0.user_id 
    from
        addresses a1_0 
    where
        a1_0.user_id=?
Hibernate: 
    insert 
    into
        addresses
        (address_line, city, country, district, postal_code, title, user_id) 
    values
        (?, ?, ?, ?, ?, ?, ?)
DEBUG: userId=1
DEBUG: addrId=1
DEBUG: prodId=1
Hibernate: 
    select
        u1_0.id,
        u1_0.created_at,
        u1_0.email,
        u1_0.image_url,
        u1_0.name,
        u1_0.password_hash,
        u1_0.auth_provider,
        u1_0.provider_id,
        u1_0.user_role,
        u1_0.updated_at 
    from
        users u1_0 
    where
        u1_0.email=?
2026-02-12T20:51:35.952+03:00  INFO 15320 --- [E-Commerce] [           main] c.m.service.impl.OrderServiceImpl        : Yeni sipari■ olu■turma iste­i al²nd². Kullan²c² ID: 1
Hibernate: 
    update
        carts 
    set
        coupon_code=?,
        updated_at=?,
        user_id=? 
    where
        id=?
Hibernate: 
    insert 
    into
        product_images
        (product_id, image_url) 
    values
        (?, ?)
Hibernate: 
    update
        cart_items 
    set
        cart_id=? 
    where
        id=?
Hibernate: 
    select
        c1_0.id,
        c1_0.coupon_code,
        c1_0.updated_at,
        c1_0.user_id 
    from
        carts c1_0 
    where
        c1_0.user_id=?
2026-02-12T20:51:35.981+03:00 DEBUG 15320 --- [E-Commerce] [           main] c.m.service.impl.OrderServiceImpl        : Sepet ekildi. ▄r³n say²s²: 1
2026-02-12T20:51:35.982+03:00 DEBUG 15320 --- [E-Commerce] [           main] c.m.service.impl.OrderServiceImpl        : Sipari■ kalemleri d÷n³■t³r³l³yor...
Hibernate: 
    select
        p1_0.id,
        p1_0.attributes,
        p1_0.average_rating,
        p1_0.category_id,
        p1_0.deleted,
        p1_0.description,
        p1_0.price,
        p1_0.review_count,
        p1_0.stock,
        p1_0.title,
        p1_0.version 
    from
        products p1_0 
    where
        (
            p1_0.deleted=false
        ) 
        and p1_0.id in (?)
2026-02-12T20:51:35.989+03:00 DEBUG 15320 --- [E-Commerce] [           main] c.m.service.impl.OrderServiceImpl        : Sipari■ kalemleri ba■ar²yla d÷n³■t³r³ld³.
2026-02-12T20:51:35.989+03:00 DEBUG 15320 --- [E-Commerce] [           main] c.m.service.impl.OrderServiceImpl        : Sipari■ toplam² hesaplan²yor...
Hibernate: 
    select
        c1_0.id,
        c1_0.coupon_code,
        c1_0.updated_at,
        c1_0.user_id 
    from
        carts c1_0 
    where
        c1_0.user_id=?
2026-02-12T20:51:35.992+03:00 DEBUG 15320 --- [E-Commerce] [           main] c.m.service.impl.OrderServiceImpl        : Sipari■ objesi kuruluyor...
2026-02-12T20:51:35.993+03:00 DEBUG 15320 --- [E-Commerce] [           main] c.m.service.impl.OrderServiceImpl        : Sipari■ kaydediliyor...
Hibernate: 
    insert 
    into
        orders
        (carrier_name, last_updated, order_date, order_status, payment_status, shipping_address_id, total_amount, tracking_number, user_id) 
    values
        (?, ?, ?, ?, ?, ?, ?, ?, ?)
Hibernate: 
    insert 
    into
        order_items
        (price, product_id, quantity, title) 
    values
        (?, ?, ?, ?)
2026-02-12T20:51:35.997+03:00  INFO 15320 --- [E-Commerce] [           main] c.m.service.impl.OrderServiceImpl        : Sipari■ veritaban²na kaydedildi. Sipari■ ID: 1, Toplam Tutar: 5000
2026-02-12T20:51:35.998+03:00 DEBUG 15320 --- [E-Commerce] [           main] c.m.service.impl.OrderServiceImpl        : Stok seviyeleri g³ncelleniyor...
Hibernate: 
    select
        p1_0.id,
        p1_0.attributes,
        p1_0.average_rating,
        p1_0.category_id,
        p1_0.deleted,
        p1_0.description,
        p1_0.price,
        p1_0.review_count,
        p1_0.stock,
        p1_0.title,
        p1_0.version 
    from
        products p1_0 
    where
        (
            p1_0.deleted=false
        ) 
        and p1_0.id in (?)
2026-02-12T20:51:36.002+03:00  WARN 15320 --- [E-Commerce] [           main] c.m.s.impl.MockEmailNotificationService  : ?? [MOCK ALERT] Stok T³keniyor! ▄r³n: Antika Gramofon
2026-02-12T20:51:36.003+03:00 DEBUG 15320 --- [E-Commerce] [           main] c.m.service.impl.OrderServiceImpl        : Stok seviyeleri g³ncellendi.
Hibernate: 
    select
        c1_0.id,
        c1_0.coupon_code,
        c1_0.updated_at,
        c1_0.user_id 
    from
        carts c1_0 
    where
        c1_0.user_id=?
2026-02-12T20:51:36.007+03:00 DEBUG 15320 --- [E-Commerce] [           main] c.m.service.impl.OrderServiceImpl        : Kullan²c²n²n sepeti temizlendi. Kullan²c² ID: 1
2026-02-12T20:51:36.008+03:00  INFO 15320 --- [E-Commerce] [           main] c.m.s.impl.MockEmailNotificationService  : ? [MOCK EMAIL] To: user@test.com | Subject: Sipari■ Onay² | Body: Sipari■iniz al²nd²! Kod: ORD-1
2026-02-12T20:51:36.008+03:00  INFO 15320 --- [E-Commerce] [           main] c.m.service.impl.OrderServiceImpl        : Sipari■ onay² g÷nderildi: user@test.com
2026-02-12T20:51:36.008+03:00 DEBUG 15320 --- [E-Commerce] [           main] c.m.service.impl.OrderServiceImpl        : Response d÷n³■t³r³l³yor...
Hibernate: 
    select
        a1_0.id,
        a1_0.address_line,
        a1_0.city,
        a1_0.country,
        a1_0.district,
        a1_0.postal_code,
        a1_0.title,
        a1_0.user_id 
    from
        addresses a1_0 
    where
        a1_0.user_id=?
2026-02-12T20:51:36.023+03:00 DEBUG 15320 --- [E-Commerce] [           main] c.m.service.impl.OrderServiceImpl        : Response haz²r.
Hibernate: 
    select
        u1_0.id,
        u1_0.created_at,
        u1_0.email,
        u1_0.image_url,
        u1_0.name,
        u1_0.password_hash,
        u1_0.auth_provider,
        u1_0.provider_id,
        u1_0.user_role,
        u1_0.updated_at 
    from
        users u1_0 
    where
        u1_0.email=?
Hibernate: 
    select
        o1_0.id,
        o1_0.carrier_name,
        o1_0.last_updated,
        o1_0.order_date,
        o1_0.order_status,
        o1_0.payment_status,
        o1_0.shipping_address_id,
        o1_0.total_amount,
        o1_0.tracking_number,
        o1_0.user_id 
    from
        orders o1_0
Hibernate: 
    select
        a1_0.id,
        a1_0.address_line,
        a1_0.city,
        a1_0.country,
        a1_0.district,
        a1_0.postal_code,
        a1_0.title,
        a1_0.user_id 
    from
        addresses a1_0 
    where
        a1_0.user_id=?
[INFO] Tests run: 1, Failures: 0, Errors: 0, Skipped: 0, Time elapsed: 9.005 s -- in com.mehmetkerem.integration.OrderIntegrationTest
[INFO] 
[INFO] Results:
[INFO] 
[INFO] Tests run: 1, Failures: 0, Errors: 0, Skipped: 0
[INFO] 
[INFO] ------------------------------------------------------------------------
[INFO] BUILD SUCCESS
[INFO] ------------------------------------------------------------------------
[INFO] Total time:  11.629 s
[INFO] Finished at: 2026-02-12T20:51:36+03:00
[INFO] ------------------------------------------------------------------------
